
> geekbank-frontend@0.0.0 build
> ng build

node.exe : 
[1m[31mError: Could 
not find the '@angular
-devkit/build-angular:
application' 
builder's node 
package.[39m[22m
In Zeile:1 Zeichen:1
+ & "C:\nvm4w\nodejs/n
ode.exe" "C:\nvm4w\nod
ejs/node_modules/npm/b
in/np ...
+ ~~~~~~~~~~~~~~~~~~~~
~~~~~~~~~~~~~~~~~~~~~~
~~~~~~~~~~~~~~~~~~~~~~
~~~~~
    + CategoryInfo    
          : NotSpeci  
  fied: ([1m[31mE   
 rror:...kage.[39    
m[22m:String) []    
, RemoteException
    + FullyQualifiedE 
   rrorId : NativeCo  
  mmandError
 
